Find shortest path from B3908 to B3928.
Computation took 0.0156ms.
Distance: 40
Path: B3908, BC3908, BC3909, BC3910, BC3911, BC3912, BC3913, BC3914, B3928, 

Find shortest path from B3901 to B228.
Computation took 0.2288ms.
Distance: 1592
Path: B3901, BC3901, BC3902, BC3903, BC3904, BC3905, BC3906, BC3907, BC3908, B3908, A4022, AC4008, AC4009, AC4010, AC4011, AC4012, AC4013, AC4014, AE4002, AE3902, AE3802, AE3702, AE3602, AE3502, AE3402, AE3302, AE3202, AE3102, AE3002, AE2902, AE2802, AE2702, AE2602, AE2502, AE2402, AE2302, AE2202, AE2102, AE2002, AE1902, AE1802, AE1702, AE1602, AE1502, AE1402, AE1302, AE1202, AE1102, AE1002, AE902, AE802, AE702, AE602, AE502, AE402, AE302, AE202, AE102, BE102, BE202, BC214, B228, 

Find shortest path from A3102 to B501.
Computation took 0.1965ms.
Distance: 4338
Path: A3102, AC3102, AC3101, AE3101, AE3001, AE2901, AE2801, AE2701, AE2601, AE2501, AE2401, AE2301, AE2201, AE2101, AE2001, AE1901, AE1801, AE1701, AE1601, AE1501, AE1401, AE1301, AE1201, AE1101, AE1001, AC1001, AC1002, AC1003, AC1004, AC1005, AC1006, AC1007, AC1008, A1022, B908, BC908, BC907, BC906, BC905, BC904, BC903, BC902, BC901, BE901, BE801, BE701, BE601, BE501, BC501, B501, 

Find shortest path from A3102 to A3116.
Computation took 0.0012ms.
Distance: 10
Path: A3102, AC3102, A3116, 

Find shortest path from A3105 to A3105.
Computation took 0.0006ms.
Distance: 0
Path: A3105, 

Find shortest path from A98405 to B12501.
Computation took 8.2871ms.
Distance: 12683
Path: A98405, AC98405, AC98404, AC98403, AC98402, AC98401, AE98401, AE98301, AE98201, AE98101, AE98001, AE97901, AE97801, AE97701, AE97601, AE97501, AE97401, AE97301, AE97201, AE97101, AE97001, AE96901, AE96801, AE96701, AE96601, AE96501, AE96401, AE96301, AE96201, AE96101, AE96001, AE95901, AE95801, AE95701, AE95601, AE95501, AE95401, AE95301, AE95201, AE95101, AE95001, AE94901, AE94801, AE94701, AE94601, AE94501, AE94401, AE94301, AE94201, AE94101, AE94001, AE93901, AE93801, AE93701, AE93601, AE93501, AE93401, AE93301, AE93201, AE93101, AE93001, AE92901, AE92801, AE92701, AE92601, AE92501, AE92401, AE92301, AE92201, AE92101, AE92001, AE91901, AE91801, AE91701, AE91601, AE91501, AE91401, AE91301, AE91201, AE91101, AE91001, AE90901, AE90801, AE90701, AE90601, AE90501, AE90401, AE90301, AE90201, AE90101, AE90001, AE89901, AE89801, AE89701, AE89601, AE89501, AE89401, AE89301, AE89201, AE89101, AE89001, AE88901, AE88801, AE88701, AE88601, AE88501, AE88401, AE88301, AE88201, AE88101, AE88001, AE87901, AE87801, AE87701, AE87601, AE87501, AE87401, AE87301, AE87201, AE87101, AE87001, AE86901, AE86801, AE86701, AE86601, AE86501, AE86401, AE86301, AE86201, AE86101, AE86001, AE85901, AE85801, AE85701, AE85601, AE85501, AE85401, AE85301, AE85201, AE85101, AE85001, AE84901, AE84801, AE84701, AE84601, AE84501, AE84401, AE84301, AE84201, AE84101, AE84001, AE83901, AE83801, AE83701, AE83601, AE83501, AE83401, AE83301, AE83201, AE83101, AE83001, AE82901, AE82801, AE82701, AE82601, AE82501, AE82401, AE82301, AE82201, AE82101, AE82001, AE81901, AE81801, AE81701, AE81601, AE81501, AE81401, AE81301, AE81201, AE81101, AE81001, AE80901, AE80801, AE80701, AE80601, AE80501, AE80401, AE80301, AE80201, AE80101, AE80001, AE79901, AE79801, AE79701, AE79601, AE79501, AE79401, AE79301, AE79201, AE79101, AE79001, AE78901, AE78801, AE78701, AE78601, AE78501, AE78401, AE78301, AE78201, AE78101, AE78001, AE77901, AE77801, AE77701, AE77601, AE77501, AE77401, AE77301, AE77201, AE77101, AE77001, AE76901, AE76801, AE76701, AE76601, AE76501, AE76401, AE76301, AE76201, AE76101, AE76001, AE75901, AE75801, AE75701, AE75601, AE75501, AE75401, AE75301, AE75201, AE75101, AE75001, AE74901, AE74801, AE74701, AE74601, AE74501, AE74401, AE74301, AE74201, AE74101, AE74001, AE73901, AE73801, AE73701, AE73601, AE73501, AE73401, AE73301, AE73201, AE73101, AE73001, AE72901, AE72801, AE72701, AE72601, AE72501, AE72401, AE72301, AE72201, AE72101, AE72001, AE71901, AE71801, AE71701, AE71601, AE71501, AE71401, AE71301, AE71201, AE71101, AE71001, AE70901, AE70801, AE70701, AE70601, AE70501, AE70401, AE70301, AE70201, AE70101, AE70001, AE69901, AE69801, AE69701, AE69601, AE69501, AE69401, AE69301, AE69201, AE69101, AE69001, AE68901, AE68801, AE68701, AE68601, AE68501, AE68401, AE68301, AE68201, AE68101, AE68001, AE67901, AE67801, AE67701, AE67601, AE67501, AE67401, AE67301, AE67201, AE67101, AE67001, AE66901, AE66801, AE66701, AE66601, AE66501, AE66401, AE66301, AE66201, AE66101, AE66001, AE65901, AE65801, AE65701, AE65601, AE65501, AE65401, AE65301, AE65201, AE65101, AE65001, AE64901, AE64801, AE64701, AE64601, AE64501, AE64401, AE64301, AE64201, AE64101, AE64001, AE63901, AE63801, AE63701, AE63601, AE63501, AE63401, AE63301, AE63201, AE63101, AE63001, AE62901, AE62801, AE62701, AE62601, AE62501, AE62401, AE62301, AE62201, AE62101, AE62001, AE61901, AE61801, AE61701, AE61601, AE61501, AE61401, AE61301, AE61201, AE61101, AE61001, AE60901, AE60801, AE60701, AE60601, AE60501, AE60401, AE60301, AE60201, AE60101, AE60001, AE59901, AE59801, AE59701, AE59601, AE59501, AE59401, AE59301, AE59201, AE59101, AE59001, AE58901, AE58801, AE58701, AE58601, AE58501, AE58401, AE58301, AE58201, AE58101, AE58001, AE57901, AE57801, AE57701, AE57601, AE57501, AE57401, AE57301, AE57201, AE57101, AE57001, AE56901, AE56801, AE56701, AE56601, AE56501, AE56401, AE56301, AE56201, AE56101, AE56001, AE55901, AE55801, AE55701, AE55601, AE55501, AE55401, AE55301, AE55201, AE55101, AE55001, AE54901, AE54801, AE54701, AE54601, AE54501, AE54401, AE54301, AE54201, AE54101, AE54001, AE53901, AE53801, AE53701, AE53601, AE53501, AE53401, AE53301, AE53201, AE53101, AE53001, AE52901, AE52801, AE52701, AE52601, AE52501, AE52401, AE52301, AE52201, AE52101, AE52001, AE51901, AE51801, AE51701, AE51601, AE51501, AE51401, AE51301, AE51201, AE51101, AE51001, AE50901, AE50801, AE50701, AE50601, AE50501, AE50401, AE50301, AE50201, AE50101, AE50001, AE49901, AE49801, AE49701, AE49601, AE49501, AE49401, AE49301, AE49201, AE49101, AE49001, AE48901, AE48801, AE48701, AE48601, AE48501, AE48401, AE48301, AE48201, AE48101, AE48001, AE47901, AE47801, AE47701, AE47601, AE47501, AE47401, AE47301, AE47201, AE47101, AE47001, AE46901, AE46801, AE46701, AE46601, AE46501, AE46401, AE46301, AE46201, AE46101, AE46001, AE45901, AE45801, AE45701, AE45601, AE45501, AE45401, AE45301, AE45201, AE45101, AE45001, AE44901, AE44801, AE44701, AE44601, AE44501, AE44401, AE44301, AE44201, AE44101, AE44001, AE43901, AE43801, AE43701, AE43601, AE43501, AE43401, AE43301, AE43201, AE43101, AE43001, AE42901, AE42801, AE42701, AE42601, AE42501, AE42401, AE42301, AE42201, AE42101, AE42001, AE41901, AE41801, AE41701, AE41601, AE41501, AE41401, AE41301, AE41201, AE41101, AE41001, AE40901, AE40801, AE40701, AE40601, AE40501, AE40401, AE40301, AE40201, AE40101, AE40001, AE39901, AE39801, AE39701, AE39601, AE39501, AE39401, AE39301, AE39201, AE39101, AE39001, AE38901, AE38801, AE38701, AE38601, AE38501, AE38401, AE38301, AE38201, AE38101, AE38001, AE37901, AE37801, AE37701, AE37601, AE37501, AE37401, AE37301, AE37201, AE37101, AE37001, AE36901, AE36801, AE36701, AE36601, AE36501, AE36401, AE36301, AE36201, AE36101, AE36001, AE35901, AE35801, AE35701, AE35601, AE35501, AE35401, AE35301, AE35201, AE35101, AE35001, AE34901, AE34801, AE34701, AE34601, AE34501, AE34401, AE34301, AE34201, AE34101, AE34001, AE33901, AE33801, AE33701, AE33601, AE33501, AE33401, AE33301, AE33201, AE33101, AE33001, AE32901, AE32801, AE32701, AE32601, AE32501, AE32401, AE32301, AE32201, AE32101, AE32001, AE31901, AE31801, AE31701, AE31601, AE31501, AE31401, AE31301, AE31201, AE31101, AE31001, AE30901, AE30801, AE30701, AE30601, AE30501, AE30401, AE30301, AE30201, AE30101, AE30001, AE29901, AE29801, AE29701, AE29601, AE29501, AE29401, AE29301, AE29201, AE29101, AE29001, AE28901, AE28801, AE28701, AE28601, AE28501, AE28401, AE28301, AE28201, AE28101, AE28001, AE27901, AE27801, AE27701, AE27601, AE27501, AE27401, AE27301, AE27201, AE27101, AE27001, AE26901, AE26801, AE26701, AE26601, AE26501, AE26401, AE26301, AE26201, AE26101, AE26001, AE25901, AE25801, AE25701, AE25601, AE25501, AE25401, AE25301, AE25201, AE25101, AE25001, AE24901, AE24801, AE24701, AE24601, AE24501, AE24401, AE24301, AE24201, AE24101, AE24001, AE23901, AE23801, AE23701, AE23601, AE23501, AE23401, AE23301, AE23201, AE23101, AE23001, AE22901, AE22801, AE22701, AE22601, AE22501, AE22401, AE22301, AE22201, AE22101, AE22001, AE21901, AE21801, AE21701, AE21601, AE21501, AE21401, AE21301, AE21201, AE21101, AE21001, AE20901, AE20801, AE20701, AE20601, AE20501, AE20401, AE20301, AE20201, AE20101, AE20001, AE19901, AE19801, AE19701, AE19601, AE19501, AE19401, AE19301, AE19201, AE19101, AE19001, AE18901, AE18801, AE18701, AE18601, AE18501, AE18401, AE18301, AE18201, AE18101, AE18001, AE17901, AE17801, AE17701, AE17601, AE17501, AE17401, AE17301, AE17201, AE17101, AE17001, AE16901, AE16801, AE16701, AE16601, AE16501, AE16401, AE16301, AE16201, AE16101, AE16001, AE15901, AE15801, AE15701, AE15601, AE15501, AE15401, AE15301, AE15201, AE15101, AE15001, AE14901, AE14801, AE14701, AE14601, AE14501, AE14401, AE14301, AE14201, AE14101, AE14001, AE13901, AE13801, AE13701, AE13601, AE13501, AE13401, AE13301, AE13201, AE13101, AE13001, AC13001, AC13002, AC13003, AC13004, AC13005, AC13006, AC13007, AC13008, A13022, B12908, BC12908, BC12907, BC12906, BC12905, BC12904, BC12903, BC12902, BC12901, BE12901, BE12801, BE12701, BE12601, BE12501, BC12501, B12501, 

